[coderthemes.com/adminto_1.2/menu_2/assets/images/favicon.ico]
[backblue.gif]
[fade.gif]
[index.html]
[www.google-analytics.com/analytics.js]
[coderthemes.com/adminto_1.2/menu_2/assets/images/users/avatar-1.jpg]
[coderthemes.com/adminto_1.2/menu_2/assets/images/users/avatar-3.jpg]
[coderthemes.com/adminto_1.2/menu_2/assets/images/users/avatar-2.jpg]
[coderthemes.com/adminto_1.2/menu_2/assets/images/users/avatar-10.jpg]
[coderthemes.com/adminto_1.2/menu_2/assets/images/users/avatar-4.jpg]
[coderthemes.com/adminto_1.2/menu_2/assets/images/users/avatar-5.jpg]
[coderthemes.com/adminto_1.2/menu_2/index.html]
[coderthemes.com/adminto_1.2/menu_2/assets/plugins/morris/morris.css]
[coderthemes.com/adminto_1.2/menu_2/assets/fonts/glyphicons-halflings-regular.eot]
[coderthemes.com/adminto_1.2/menu_2/assets/fonts/glyphicons-halflings-regular.woff2]
[coderthemes.com/adminto_1.2/menu_2/assets/fonts/glyphicons-halflings-regular.woff]
[coderthemes.com/adminto_1.2/menu_2/assets/fonts/glyphicons-halflings-regular.ttf]
[coderthemes.com/adminto_1.2/menu_2/assets/css/bootstrap.min.css]
[coderthemes.com/adminto_1.2/menu_2/assets/css/core.css]
[coderthemes.com/adminto_1.2/menu_2/assets/css/components.css]
[coderthemes.com/adminto_1.2/menu_2/assets/fonts/glyphicons-halflings-regulard41d.eot]
[coderthemes.com/adminto_1.2/menu_2/assets/fonts/fontawesome-webfont3295.eot]
[coderthemes.com/adminto_1.2/menu_2/assets/fonts/fontawesome-webfontd41d.eot]
[coderthemes.com/adminto_1.2/menu_2/assets/fonts/fontawesome-webfont3295.woff2]
[coderthemes.com/adminto_1.2/menu_2/assets/fonts/fontawesome-webfont3295.woff]
[coderthemes.com/adminto_1.2/menu_2/assets/fonts/fontawesome-webfont3295.ttf]
[coderthemes.com/adminto_1.2/menu_2/assets/fonts/themify9f24.eot]
[coderthemes.com/adminto_1.2/menu_2/assets/fonts/themifyd41d.eot]
[coderthemes.com/adminto_1.2/menu_2/assets/fonts/themify9f24.woff]
[coderthemes.com/adminto_1.2/menu_2/assets/fonts/themify9f24.ttf]
[coderthemes.com/adminto_1.2/menu_2/assets/fonts/Material-Design-Iconic-Fontd1f1.woff2]
[coderthemes.com/adminto_1.2/menu_2/assets/fonts/Material-Design-Iconic-Fontd1f1.woff]
[coderthemes.com/adminto_1.2/menu_2/assets/fonts/Material-Design-Iconic-Fontd1f1.ttf]
[coderthemes.com/adminto_1.2/menu_2/assets/css/icons.css]
[coderthemes.com/adminto_1.2/menu_2/assets/images/multiple-arrow.png]
[coderthemes.com/adminto_1.2/menu_2/assets/images/big/bg1.jpg]
[coderthemes.com/adminto_1.2/menu_2/assets/css/pages.css]
[coderthemes.com/adminto_1.2/menu_2/assets/css/menu.css]
[coderthemes.com/adminto_1.2/menu_2/assets/css/responsive.css]
[coderthemes.com/adminto_1.2/menu_2/assets/js/modernizr.min.js]
[coderthemes.com/adminto_1.2/menu_2/index-2.html]
[coderthemes.com/adminto_1.2/menu_2/ui-buttons.html]
[coderthemes.com/adminto_1.2/menu_2/ui-cards.html]
[coderthemes.com/adminto_1.2/menu_2/ui-typography.html]
[coderthemes.com/adminto_1.2/menu_2/ui-checkbox-radio.html]
[coderthemes.com/adminto_1.2/menu_2/ui-material-icons.html]
[coderthemes.com/adminto_1.2/menu_2/ui-font-awesome-icons.html]
[coderthemes.com/adminto_1.2/menu_2/ui-themify-icons.html]
[coderthemes.com/adminto_1.2/menu_2/ui-modals.html]
[coderthemes.com/adminto_1.2/menu_2/ui-notification.html]
[coderthemes.com/adminto_1.2/menu_2/ui-range-slider.html]
[coderthemes.com/adminto_1.2/menu_2/ui-components.html]
[coderthemes.com/adminto_1.2/menu_2/ui-sweetalert.html]
[coderthemes.com/adminto_1.2/menu_2/ui-treeview.html]
[coderthemes.com/adminto_1.2/menu_2/assets/images/users/avatar-6.jpg]
[coderthemes.com/adminto_1.2/menu_2/ui-widgets.html]
[coderthemes.com/adminto_1.2/menu_2/form-elements.html]
[coderthemes.com/adminto_1.2/menu_2/form-advanced.html]
[coderthemes.com/adminto_1.2/menu_2/form-validation.html]
[coderthemes.com/adminto_1.2/menu_2/form-wizard.html]
[coderthemes.com/adminto_1.2/menu_2/assets/images/gallery/1.jpg]
[coderthemes.com/adminto_1.2/menu_2/form-fileupload.html]
[coderthemes.com/adminto_1.2/menu_2/form-wysiwig.html]
[coderthemes.com/adminto_1.2/menu_2/form-xeditable.html]
[coderthemes.com/adminto_1.2/menu_2/tables-basic.html]
[coderthemes.com/adminto_1.2/menu_2/tables-datatable.html]
[coderthemes.com/adminto_1.2/menu_2/tables-editable.html]
[coderthemes.com/adminto_1.2/menu_2/chart-flot.html]
[coderthemes.com/adminto_1.2/menu_2/chart-morris.html]
[coderthemes.com/adminto_1.2/menu_2/chart-chartist.html]
[coderthemes.com/adminto_1.2/menu_2/chart-other.html]
[coderthemes.com/adminto_1.2/menu_2/page-starter.html]
[coderthemes.com/adminto_1.2/menu_2/page-login.html]
[coderthemes.com/adminto_1.2/menu_2/page-register.html]
[coderthemes.com/adminto_1.2/menu_2/page-recoverpw.html]
[coderthemes.com/adminto_1.2/menu_2/page-lock-screen.html]
[coderthemes.com/adminto_1.2/menu_2/assets/images/mail_confirm.png]
[coderthemes.com/adminto_1.2/menu_2/page-confirm-mail.html]
[coderthemes.com/adminto_1.2/menu_2/page-404.html]
[coderthemes.com/adminto_1.2/menu_2/page-500.html]
[coderthemes.com/adminto_1.2/menu_2/assets/images/users/avatar-7.jpg]
[coderthemes.com/adminto_1.2/menu_2/assets/images/users/avatar-8.jpg]
[coderthemes.com/adminto_1.2/menu_2/assets/images/users/avatar-9.jpg]
[coderthemes.com/adminto_1.2/menu_2/extras-projects.html]
[coderthemes.com/adminto_1.2/menu_2/extras-tour.html]
[coderthemes.com/adminto_1.2/menu_2/extras-taskboard.html]
[coderthemes.com/adminto_1.2/menu_2/extras-inbox.html]
[coderthemes.com/adminto_1.2/menu_2/assets/images/attached-files/img-1.jpg]
[coderthemes.com/adminto_1.2/menu_2/assets/images/attached-files/img-2.jpg]
[coderthemes.com/adminto_1.2/menu_2/assets/images/attached-files/img-3.png]
[coderthemes.com/adminto_1.2/menu_2/extras-taskdetail.html]
[coderthemes.com/adminto_1.2/menu_2/extras-maps.html]
[coderthemes.com/adminto_1.2/menu_2/extras-calendar.html]
[coderthemes.com/adminto_1.2/menu_2/extras-contact.html]
[coderthemes.com/adminto_1.2/menu_2/extras-pricing.html]
[coderthemes.com/adminto_1.2/menu_2/assets/images/small/img1.jpg]
[coderthemes.com/adminto_1.2/menu_2/assets/images/small/img2.jpg]
[coderthemes.com/adminto_1.2/menu_2/assets/images/small/img3.jpg]
[coderthemes.com/adminto_1.2/menu_2/extras-timeline.html]
[coderthemes.com/adminto_1.2/menu_2/extras-invoice.html]
[coderthemes.com/adminto_1.2/menu_2/assets/images/profile.jpg]
[coderthemes.com/adminto_1.2/menu_2/extras-profile.html]
[coderthemes.com/adminto_1.2/menu_2/extras-faq.html]
[coderthemes.com/adminto_1.2/menu_2/assets/images/gallery/2.jpg]
[coderthemes.com/adminto_1.2/menu_2/assets/images/gallery/3.jpg]
[coderthemes.com/adminto_1.2/menu_2/assets/images/gallery/4.jpg]
[coderthemes.com/adminto_1.2/menu_2/assets/images/gallery/5.jpg]
[coderthemes.com/adminto_1.2/menu_2/assets/images/gallery/6.jpg]
[coderthemes.com/adminto_1.2/menu_2/assets/images/gallery/7.jpg]
[coderthemes.com/adminto_1.2/menu_2/assets/images/gallery/8.jpg]
[coderthemes.com/adminto_1.2/menu_2/assets/images/gallery/9.jpg]
[coderthemes.com/adminto_1.2/menu_2/assets/images/gallery/10.jpg]
[coderthemes.com/adminto_1.2/menu_2/assets/images/gallery/11.jpg]
[coderthemes.com/adminto_1.2/menu_2/assets/images/gallery/12.jpg]
[coderthemes.com/adminto_1.2/menu_2/extras-gallery.html]
[coderthemes.com/adminto_1.2/menu_2/assets/images/email/1.png]
[coderthemes.com/adminto_1.2/menu_2/assets/images/email/2.png]
[coderthemes.com/adminto_1.2/menu_2/assets/images/email/3.png]
[coderthemes.com/adminto_1.2/menu_2/extras-email-template.html]
[coderthemes.com/adminto_1.2/menu_2/extras-maintenance.html]
[coderthemes.com/adminto_1.2/menu_2/extras-comingsoon.html]
[coderthemes.com/adminto_1.2/menu_2/assets/js/jquery.min.js]
[coderthemes.com/adminto_1.2/menu_2/assets/js/bootstrap.min.js]
[coderthemes.com/adminto_1.2/menu_2/assets/js/detect.js]
[coderthemes.com/adminto_1.2/menu_2/assets/js/fastclick.js]
[coderthemes.com/adminto_1.2/menu_2/assets/js/jquery.slimscroll.js]
[coderthemes.com/adminto_1.2/menu_2/assets/js/jquery.blockUI.js]
[coderthemes.com/adminto_1.2/menu_2/assets/js/waves.js]
[coderthemes.com/adminto_1.2/menu_2/assets/js/wow.min.js]
[coderthemes.com/adminto_1.2/menu_2/assets/js/jquery.nicescroll.js]
[coderthemes.com/adminto_1.2/menu_2/assets/js/jquery.scrollTo.min.js]
[coderthemes.com/adminto_1.2/menu_2/assets/plugins/jquery-knob/jquery.knob.js]
[coderthemes.com/adminto_1.2/menu_2/assets/plugins/morris/morris.min.js]
[coderthemes.com/adminto_1.2/menu_2/assets/plugins/raphael/raphael-min.js]
[coderthemes.com/adminto_1.2/menu_2/assets/pages/jquery.dashboard.js]
[coderthemes.com/adminto_1.2/menu_2/assets/js/jquery.core.js]
[coderthemes.com/adminto_1.2/menu_2/assets/js/jquery.app.js]
[coderthemes.com/adminto_1.2/menu_2/assets/fonts/glyphicons-halflings-regular.svg]
[coderthemes.com/adminto_1.2/menu_2/assets/fonts/fontawesome-webfont3295.svg]
[coderthemes.com/adminto_1.2/menu_2/assets/fonts/themify9f24.svg]
[coderthemes.com/adminto_1.2/menu_2/assets/plugins/custombox/dist/custombox.min.css]
[coderthemes.com/adminto_1.2/menu_2/assets/plugins/custombox/dist/custombox.min.js]
[coderthemes.com/adminto_1.2/menu_2/assets/plugins/custombox/dist/legacy.min.js]
[coderthemes.com/adminto_1.2/menu_2/assets/plugins/toastr/toastr.min.css]
[coderthemes.com/adminto_1.2/menu_2/assets/plugins/toastr/toastr.min.js]
[coderthemes.com/adminto_1.2/menu_2/assets/plugins/ion-rangeslider/ion.rangeSlider.css]
[coderthemes.com/adminto_1.2/menu_2/assets/plugins/ion-rangeslider/sprite-skin-flat.png]
[coderthemes.com/adminto_1.2/menu_2/assets/plugins/ion-rangeslider/ion.rangeSlider.skinFlat.css]
[coderthemes.com/adminto_1.2/menu_2/assets/plugins/ion-rangeslider/ion.rangeSlider.min.js]
[coderthemes.com/adminto_1.2/menu_2/assets/pages/jquery.ui-sliders.js]
[coderthemes.com/adminto_1.2/menu_2/assets/plugins/bootstrap-sweetalert/sweet-alert.css]
[coderthemes.com/adminto_1.2/menu_2/assets/plugins/bootstrap-sweetalert/sweet-alert.min.js]
[coderthemes.com/adminto_1.2/menu_2/assets/pages/jquery.sweet-alert.init.js]
[coderthemes.com/adminto_1.2/menu_2/assets/plugins/jstree/32px.png]
[coderthemes.com/adminto_1.2/menu_2/assets/plugins/jstree/throbber.gif]
[coderthemes.com/adminto_1.2/menu_2/assets/plugins/jstree/40px.png]
[coderthemes.com/adminto_1.2/menu_2/assets/plugins/jstree/style.css]
[coderthemes.com/adminto_1.2/menu_2/assets/plugins/jstree/jstree.min.js]
[coderthemes.com/adminto_1.2/menu_2/assets/pages/jquery.tree.js]
[coderthemes.com/adminto_1.2/menu_2/assets/plugins/waypoints/lib/jquery.waypoints.js]
[coderthemes.com/adminto_1.2/menu_2/assets/plugins/counterup/jquery.counterup.min.js]
[coderthemes.com/adminto_1.2/menu_2/assets/plugins/bootstrap-tagsinput/dist/bootstrap-tagsinput.css]
[coderthemes.com/adminto_1.2/menu_2/assets/plugins/multiselect/img/switch.png]
[coderthemes.com/adminto_1.2/menu_2/assets/plugins/multiselect/css/multi-select.css]
[coderthemes.com/adminto_1.2/menu_2/assets/plugins/select2/dist/css/select2.png]
[coderthemes.com/adminto_1.2/menu_2/assets/plugins/select2/dist/css/select2-spinner.gif]
[coderthemes.com/adminto_1.2/menu_2/assets/plugins/select2/dist/css/select2x2.png]
[coderthemes.com/adminto_1.2/menu_2/assets/plugins/select2/dist/css/select2.css]
[coderthemes.com/adminto_1.2/menu_2/assets/plugins/select2/dist/css/select2-bootstrap.css]
[coderthemes.com/adminto_1.2/menu_2/assets/plugins/bootstrap-touchspin/dist/jquery.bootstrap-touchspin.min.css]
[coderthemes.com/adminto_1.2/menu_2/assets/plugins/switchery/switchery.min.css]
[coderthemes.com/adminto_1.2/menu_2/assets/plugins/timepicker/bootstrap-timepicker.min.css]
[coderthemes.com/adminto_1.2/menu_2/assets/plugins/mjolnic-bootstrap-colorpicker/dist/img/bootstrap-colorpicker/saturation.png]
[coderthemes.com/adminto_1.2/menu_2/assets/plugins/mjolnic-bootstrap-colorpicker/dist/img/bootstrap-colorpicker/hue.png]
[coderthemes.com/adminto_1.2/menu_2/assets/plugins/mjolnic-bootstrap-colorpicker/dist/img/bootstrap-colorpicker/alpha.png]
[coderthemes.com/adminto_1.2/menu_2/assets/plugins/mjolnic-bootstrap-colorpicker/dist/img/bootstrap-colorpicker/hue-horizontal.png]
[coderthemes.com/adminto_1.2/menu_2/assets/plugins/mjolnic-bootstrap-colorpicker/dist/img/bootstrap-colorpicker/alpha-horizontal.png]
[coderthemes.com/adminto_1.2/menu_2/assets/plugins/mjolnic-bootstrap-colorpicker/dist/css/bootstrap-colorpicker.min.css]
[coderthemes.com/adminto_1.2/menu_2/assets/plugins/bootstrap-datepicker/dist/css/bootstrap-datepicker.min.css]
[coderthemes.com/adminto_1.2/menu_2/assets/plugins/bootstrap-daterangepicker/daterangepicker.css]
[coderthemes.com/adminto_1.2/menu_2/assets/plugins/switchery/switchery.min.js]
[coderthemes.com/adminto_1.2/menu_2/assets/plugins/bootstrap-tagsinput/dist/bootstrap-tagsinput.min.js]
[coderthemes.com/adminto_1.2/menu_2/assets/plugins/multiselect/js/jquery.multi-select.js]
[coderthemes.com/adminto_1.2/menu_2/assets/plugins/jquery-quicksearch/jquery.quicksearch.js]
[coderthemes.com/adminto_1.2/menu_2/assets/plugins/select2/dist/js/select2.min.js]
[coderthemes.com/adminto_1.2/menu_2/assets/plugins/bootstrap-touchspin/dist/jquery.bootstrap-touchspin.min.js]
[coderthemes.com/adminto_1.2/menu_2/assets/plugins/bootstrap-inputmask/bootstrap-inputmask.min.js]
[coderthemes.com/adminto_1.2/menu_2/assets/plugins/moment/moment.js]
[coderthemes.com/adminto_1.2/menu_2/assets/plugins/timepicker/bootstrap-timepicker.min.js]
[coderthemes.com/adminto_1.2/menu_2/assets/plugins/mjolnic-bootstrap-colorpicker/dist/js/bootstrap-colorpicker.min.js]
[coderthemes.com/adminto_1.2/menu_2/assets/plugins/bootstrap-datepicker/dist/js/bootstrap-datepicker.min.js]
[coderthemes.com/adminto_1.2/menu_2/assets/plugins/bootstrap-daterangepicker/daterangepicker.js]
[coderthemes.com/adminto_1.2/menu_2/assets/plugins/bootstrap-maxlength/bootstrap-maxlength.min.js]
[coderthemes.com/adminto_1.2/menu_2/assets/plugins/parsleyjs/dist/parsley.min.js]
[coderthemes.com/adminto_1.2/menu_2/assets/plugins/bootstrap-wizard/jquery.bootstrap.wizard.js]
[coderthemes.com/adminto_1.2/menu_2/assets/plugins/jquery-validation/dist/jquery.validate.min.js]
[coderthemes.com/adminto_1.2/menu_2/assets/plugins/fileuploads/fonts/dropify.eot]
[coderthemes.com/adminto_1.2/menu_2/assets/plugins/fileuploads/fonts/dropify.woff]
[coderthemes.com/adminto_1.2/menu_2/assets/plugins/fileuploads/fonts/dropify.ttf]
[coderthemes.com/adminto_1.2/menu_2/assets/plugins/fileuploads/css/dropify.min.css]
[coderthemes.com/adminto_1.2/menu_2/assets/plugins/fileuploads/js/dropify.min.js]
[coderthemes.com/adminto_1.2/menu_2/assets/plugins/tinymce/tinymce.min.js]
[coderthemes.com/adminto_1.2/menu_2/assets/plugins/x-editable/dist/bootstrap3-editable/img/loading.gif]
[coderthemes.com/adminto_1.2/menu_2/assets/plugins/x-editable/dist/bootstrap3-editable/css/bootstrap-editable.css]
[coderthemes.com/adminto_1.2/menu_2/assets/plugins/x-editable/dist/bootstrap3-editable/img/clear.png]
[coderthemes.com/adminto_1.2/menu_2/assets/plugins/x-editable/dist/bootstrap3-editable/js/bootstrap-editable.min.js]
[coderthemes.com/adminto_1.2/menu_2/assets/pages/jquery.xeditable.js]
[coderthemes.com/adminto_1.2/menu_2/assets/plugins/datatables/jquery.dataTables.min.css]
[coderthemes.com/adminto_1.2/menu_2/assets/plugins/datatables/buttons.bootstrap.min.css]
[coderthemes.com/adminto_1.2/menu_2/assets/plugins/datatables/fixedHeader.bootstrap.min.css]
[coderthemes.com/adminto_1.2/menu_2/assets/plugins/datatables/responsive.bootstrap.min.css]
[coderthemes.com/adminto_1.2/menu_2/assets/plugins/datatables/scroller.bootstrap.min.css]
[coderthemes.com/adminto_1.2/menu_2/assets/plugins/datatables/jquery.dataTables.min.js]
[coderthemes.com/adminto_1.2/menu_2/assets/plugins/datatables/dataTables.bootstrap.js]
[coderthemes.com/adminto_1.2/menu_2/assets/plugins/datatables/dataTables.buttons.min.js]
[coderthemes.com/adminto_1.2/menu_2/assets/plugins/datatables/buttons.bootstrap.min.js]
[coderthemes.com/adminto_1.2/menu_2/assets/plugins/datatables/jszip.min.js]
[coderthemes.com/adminto_1.2/menu_2/assets/plugins/datatables/pdfmake.min.js]
[coderthemes.com/adminto_1.2/menu_2/assets/plugins/datatables/vfs_fonts.js]
[coderthemes.com/adminto_1.2/menu_2/assets/plugins/datatables/buttons.html5.min.js]
[coderthemes.com/adminto_1.2/menu_2/assets/plugins/datatables/buttons.print.min.js]
[coderthemes.com/adminto_1.2/menu_2/assets/plugins/datatables/dataTables.fixedHeader.min.js]
[coderthemes.com/adminto_1.2/menu_2/assets/plugins/datatables/dataTables.keyTable.min.js]
[coderthemes.com/adminto_1.2/menu_2/assets/plugins/datatables/dataTables.responsive.min.js]
[coderthemes.com/adminto_1.2/menu_2/assets/plugins/datatables/responsive.bootstrap.min.js]
[coderthemes.com/adminto_1.2/menu_2/assets/plugins/datatables/dataTables.scroller.min.js]
[coderthemes.com/adminto_1.2/menu_2/assets/pages/datatables.init.js]
[coderthemes.com/adminto_1.2/menu_2/assets/plugins/magnific-popup/dist/magnific-popup.css]
[coderthemes.com/adminto_1.2/menu_2/assets/plugins/jquery-datatables-editable/datatables.css]
[coderthemes.com/adminto_1.2/menu_2/assets/plugins/magnific-popup/dist/jquery.magnific-popup.min.js]
[coderthemes.com/adminto_1.2/menu_2/assets/plugins/jquery-datatables-editable/jquery.dataTables.js]
[coderthemes.com/adminto_1.2/menu_2/assets/plugins/tiny-editable/mindmup-editabletable.js]
[coderthemes.com/adminto_1.2/menu_2/assets/plugins/tiny-editable/numeric-input-example.js]
[coderthemes.com/adminto_1.2/menu_2/assets/pages/datatables.editable.init.js]
[coderthemes.com/adminto_1.2/menu_2/assets/plugins/flot-chart/jquery.flot.js]
[coderthemes.com/adminto_1.2/menu_2/assets/plugins/flot-chart/jquery.flot.time.js]
[coderthemes.com/adminto_1.2/menu_2/assets/plugins/flot-chart/jquery.flot.tooltip.min.js]
[coderthemes.com/adminto_1.2/menu_2/assets/plugins/flot-chart/jquery.flot.resize.js]
[coderthemes.com/adminto_1.2/menu_2/assets/plugins/flot-chart/jquery.flot.pie.js]
[coderthemes.com/adminto_1.2/menu_2/assets/plugins/flot-chart/jquery.flot.selection.js]
[coderthemes.com/adminto_1.2/menu_2/assets/plugins/flot-chart/jquery.flot.stack.js]
[coderthemes.com/adminto_1.2/menu_2/assets/plugins/flot-chart/jquery.flot.crosshair.js]
[coderthemes.com/adminto_1.2/menu_2/assets/pages/jquery.flot.init.js]
[coderthemes.com/adminto_1.2/menu_2/assets/pages/jquery.morris.init.js]
[coderthemes.com/adminto_1.2/menu_2/assets/plugins/chartist/dist/chartist.min.css]
[coderthemes.com/adminto_1.2/menu_2/assets/plugins/chartist/dist/chartist.min.js]
[coderthemes.com/adminto_1.2/menu_2/assets/plugins/chartist/dist/chartist-plugin-tooltip.min.js]
[coderthemes.com/adminto_1.2/menu_2/assets/pages/jquery.chartist.init.js]
[coderthemes.com/adminto_1.2/menu_2/assets/plugins/jquery-circliful/css/jquery.circliful.css]
[coderthemes.com/adminto_1.2/menu_2/assets/plugins/jquery-circliful/js/jquery.circliful.min.js]
[coderthemes.com/adminto_1.2/menu_2/assets/plugins/jquery-sparkline/jquery.sparkline.min.js]
[coderthemes.com/adminto_1.2/menu_2/assets/pages/jquery.other-charts.js]
[coderthemes.com/adminto_1.2/menu_2/assets/plugins/peity/jquery.peity.min.js]
[coderthemes.com/adminto_1.2/menu_2/assets/plugins/hopscotch/img/sprite-green.png]
[coderthemes.com/adminto_1.2/menu_2/assets/plugins/hopscotch/css/hopscotch.min.css]
[coderthemes.com/adminto_1.2/menu_2/assets/plugins/hopscotch/js/hopscotch.min.js]
[coderthemes.com/adminto_1.2/menu_2/assets/plugins/dragula/dragula.min.css]
[coderthemes.com/adminto_1.2/menu_2/assets/plugins/dragula/dragula.min.js]
[coderthemes.com/adminto_1.2/menu_2/assets/plugins/summernote/dist/summernote.css]
[coderthemes.com/adminto_1.2/menu_2/assets/plugins/summernote/dist/summernote.min.js]
[coderthemes.com/adminto_1.2/menu_2/assets/pages/jquery.inbox.js]
[coderthemes.com/adminto_1.2/menu_2/assets/plugins/jvectormap/jquery-jvectormap-2.0.2.css]
[coderthemes.com/adminto_1.2/menu_2/assets/plugins/gmaps/gmaps.min.js]
[coderthemes.com/adminto_1.2/menu_2/assets/pages/jquery.gmaps.js]
[coderthemes.com/adminto_1.2/menu_2/assets/plugins/jvectormap/jquery-jvectormap-2.0.2.min.js]
[coderthemes.com/adminto_1.2/menu_2/assets/plugins/jvectormap/jquery-jvectormap-world-mill-en.js]
[coderthemes.com/adminto_1.2/menu_2/assets/plugins/jvectormap/gdp-data.js]
[coderthemes.com/adminto_1.2/menu_2/assets/plugins/jvectormap/jquery-jvectormap-us-aea-en.js]
[coderthemes.com/adminto_1.2/menu_2/assets/plugins/jvectormap/jquery-jvectormap-uk-mill-en.js]
[coderthemes.com/adminto_1.2/menu_2/assets/plugins/jvectormap/jquery-jvectormap-au-mill.js]
[coderthemes.com/adminto_1.2/menu_2/assets/plugins/jvectormap/jquery-jvectormap-ca-lcc.js]
[coderthemes.com/adminto_1.2/menu_2/assets/pages/jvectormap.init.js]
[coderthemes.com/adminto_1.2/menu_2/assets/plugins/fullcalendar/dist/fullcalendar.css]
[coderthemes.com/adminto_1.2/menu_2/assets/plugins/jquery-ui/jquery-ui.min.js]
[coderthemes.com/adminto_1.2/menu_2/assets/plugins/fullcalendar/dist/fullcalendar.min.js]
[coderthemes.com/adminto_1.2/menu_2/assets/pages/jquery.fullcalendar.js]
[coderthemes.com/adminto_1.2/menu_2/assets/plugins/isotope/dist/isotope.pkgd.min.js]
[coderthemes.com/adminto_1.2/menu_2/email-templates/action.html]
[coderthemes.com/adminto_1.2/menu_2/email-templates/alert.html]
[coderthemes.com/adminto_1.2/menu_2/email-templates/billing.html]
[coderthemes.com/adminto_1.2/menu_2/assets/plugins/count-down/jquery.lwtCountdown-1.0.js]
[coderthemes.com/adminto_1.2/menu_2/Popover requires tooltip.html]
[coderthemes.com/adminto_1.2/menu_2/GET.html]
[coderthemes.com/adminto_1.2/menu_2/assets/plugins/fileuploads/fonts/dropify.svg]
[coderthemes.com/adminto_1.2/menu_2/Trident/index.html]
[coderthemes.com/adminto_1.2/menu_2/Edge/index.html]
[coderthemes.com/adminto_1.2/menu_2/plugins/index.html]
[coderthemes.com/adminto_1.2/menu_2/zlib/deflate.html]
[coderthemes.com/adminto_1.2/menu_2/zlib/inflate.html]
[coderthemes.com/adminto_1.2/menu_2/[Content_Types].html]
[coderthemes.com/adminto_1.2/menu_2/workbook.html]
[coderthemes.com/adminto_1.2/menu_2/sheet1.html]
[coderthemes.com/adminto_1.2/menu_2/buttons.html]
[coderthemes.com/adminto_1.2/menu_2/clipboard.html]
[coderthemes.com/adminto_1.2/menu_2/image/index.html]
